[2026-08-10 16:07:12] local.ERROR: Please provide a valid cache path. {"exception":"[object] (InvalidArgumentException(code: 0): Please provide a valid cache path. at C:/Users/user/Desktop/BODALOAN2/BODALOAN/vendor/laravel/framework/src/Illuminate/View/Compilers/Compiler.php:67)
[stacktrace]
#0 C:/Users/user/Desktop/BODALOAN2/BODALOAN/vendor/laravel/framework/src/Illuminate/View/ViewServiceProvider.php(97): Illuminate/View/Compilers/Compiler->__construct()
#1 C:/Users/user/Desktop/BODALOAN2/BODALOAN/vendor/laravel/framework/src/Illuminate/Container/Container.php(952): Illuminate/View/ViewServiceProvider->{closure:Illuminate/View/ViewServiceProvider::registerBladeCompiler():96}()
#2 C:/Users/user/Desktop/BODALOAN2/BODALOAN/vendor/laravel/framework/src/Illuminate/Container/Container.php(832): Illuminate/Container/Container->build()
#3 C:/Users/user/Desktop/BODALOAN2/BODALOAN/vendor/laravel/framework/src/Illuminate/Foundation/Application.php(1078): Illuminate/Container/Container->resolve()
#4 C:/Users/user/Desktop/BODALOAN2/BODALOAN/vendor/laravel/framework/src/Illuminate/Container/Container.php(763): Illuminate/Foundation/Application->resolve()
#5 C:/Users/user/Desktop/BODALOAN2/BODALOAN/vendor/laravel/framework/src/Illuminate/Foundation/Application.php(1058): Illuminate/Container/Container->make()
#6 C:/Users/user/Desktop/BODALOAN2/BODALOAN/vendor/laravel/framework/src/Illuminate/View/ViewServiceProvider.php(168): Illuminate/Foundation/Application->make()
#7 [internal function]: Illuminate/View/ViewServiceProvider->{closure:Illuminate/View/ViewServiceProvider::registerBladeEngine():164}()
#8 C:/Users/user/Desktop/BODALOAN2/BODALOAN/vendor/laravel/framework/src/Illuminate/View/Engines/EngineResolver.php(55): call_user_func()
#9 C:/Users/user/Desktop/BODALOAN2/BODALOAN/vendor/laravel/framework/src/Illuminate/View/Factory.php(326): Illuminate/View/Engines/EngineResolver->resolve()
#10 C:/Users/user/Desktop/BODALOAN2/BODALOAN/vendor/laravel/framework/src/Illuminate/View/Factory.php(288): Illuminate/View/Factory->getEngineFromPath()
#11 C:/Users/user/Desktop/BODALOAN2/BODALOAN/vendor/laravel/framework/src/Illuminate/View/Factory.php(160): Illuminate/View/Factory->viewInstance()
#12 C:/Users/user/Desktop/BODALOAN2/BODALOAN/vendor/laravel/framework/src/Illuminate/Foundation/helpers.php(1062): Illuminate/View/Factory->make()
#13 laravel-serializable-closure://function () {
    if (/auth()->check()) {
        return /redirect()->route('dashboard');
    }
    return /view('landing');
}(6): view()
#14 C:/Users/user/Desktop/BODALOAN2/BODALOAN/vendor/laravel/framework/src/Illuminate/Routing/CallableDispatcher.php(40): Illuminate/Routing/RouteFileRegistrar::{closure:laravel-serializable-closure://function () {
    if (/auth()->check()) {
        return /redirect()->route('dashboard');
    }
    return /view('landing');
}:2}()
#15 C:/Users/user/Desktop/BODALOAN2/BODALOAN/vendor/laravel/framework/src/Illuminate/Routing/Route.php(244): Illuminate/Routing/CallableDispatcher->dispatch()
#16 C:/Users/user/Desktop/BODALOAN2/BODALOAN/vendor/laravel/framework/src/Illuminate/Routing/Route.php(215): Illuminate/Routing/Route->runCallable()
#17 C:/Users/user/Desktop/BODALOAN2/BODALOAN/vendor/laravel/framework/src/Illuminate/Routing/Router.php(808): Illuminate/Routing/Route->run()
#18 C:/Users/user/Desktop/BODALOAN2/BODALOAN/vendor/laravel/framework/src/Illuminate/Pipeline/Pipeline.php(170): Illuminate/Routing/Router->{closure:Illuminate/Routing/Router::runRouteWithinStack():807}()
#19 C:/Users/user/Desktop/BODALOAN2/BODALOAN/app/Http/Middleware/SetLocale.php(16): Illuminate/Pipeline/Pipeline->{closure:Illuminate/Pipeline/Pipeline::prepareDestination():168}()
#20 C:/Users/user/Desktop/BODALOAN2/BODALOAN/vendor/laravel/framework/src/Illuminate/Pipeline/Pipeline.php(209): App/Http/Middleware/SetLocale->handle()
#21 C:/Users/user/Desktop/BODALOAN2/BODALOAN/vendor/laravel/framework/src/Illuminate/Routing/Middleware/SubstituteBindings.php(51): Illuminate/Pipeline/Pipeline->{closure:{closure:Illuminate/Pipeline/Pipeline::carry():184}:185}()
#22 C:/Users/user/Desktop/BODALOAN2/BODALOAN/vendor/laravel/framework/src/Illuminate/Pipeline/Pipeline.php(209): Illuminate/Routing/Middleware/SubstituteBindings->handle()
#23 C:/Users/user/Desktop/BODALOAN2/BODALOAN/vendor/laravel/framework/src/Illuminate/Foundation/Http/Middleware/VerifyCsrfToken.php(88): Illuminate/Pipeline/Pipeline->{closure:{closure:Illuminate/Pipeline/Pipeline::carry():184}:185}()
#24 C:/Users/user/Desktop/BODALOAN2/BODALOAN/vendor/laravel/framework/src/Illuminate/Pipeline/Pipeline.php(209): Illuminate/Foundation/Http/Middleware/VerifyCsrfToken->handle()
#25 C:/Users/user/Desktop/BODALOAN2/BODALOAN/vendor/laravel/framework/src/Illuminate/View/Middleware/ShareErrorsFromSession.php(49): Illuminate/Pipeline/Pipeline->{closure:{closure:Illuminate/Pipeline/Pipeline::carry():184}:185}()
#26 C:/Users/user/Desktop/BODALOAN2/BODALOAN/vendor/laravel/framework/src/Illuminate/Pipeline/Pipeline.php(209): Illuminate/View/Middleware/ShareErrorsFromSession->handle()
#27 C:/Users/user/Desktop/BODALOAN2/BODALOAN/vendor/laravel/framework/src/Illuminate/Session/Middleware/StartSession.php(121): Illuminate/Pipeline/Pipeline->{closure:{closure:Illuminate/Pipeline/Pipeline::carry():184}:185}()
#28 C:/Users/user/Desktop/BODALOAN2/BODALOAN/vendor/laravel/framework/src/Illuminate/Session/Middleware/StartSession.php(64): Illuminate/Session/Middleware/StartSession->handleStatefulRequest()
#29 C:/Users/user/Desktop/BODALOAN2/BODALOAN/vendor/laravel/framework/src/Illuminate/Pipeline/Pipeline.php(209): Illuminate/Session/Middleware/StartSession->handle()
#30 C:/Users/user/Desktop/BODALOAN2/BODALOAN/vendor/laravel/framework/src/Illuminate/Cookie/Middleware/AddQueuedCookiesToResponse.php(37): Illuminate/Pipeline/Pipeline->{closure:{closure:Illuminate/Pipeline/Pipeline::carry():184}:185}()
#31 C:/Users/user/Desktop/BODALOAN2/BODALOAN/vendor/laravel/framework/src/Illuminate/Pipeline/Pipeline.php(209): Illuminate/Cookie/Middleware/AddQueuedCookiesToResponse->handle()
#32 C:/Users/user/Desktop/BODALOAN2/BODALOAN/vendor/laravel/framework/src/Illuminate/Cookie/Middleware/EncryptCookies.php(75): Illuminate/Pipeline/Pipeline->{closure:{closure:Illuminate/Pipeline/Pipeline::carry():184}:185}()
#33 C:/Users/user/Desktop/BODALOAN2/BODALOAN/vendor/laravel/framework/src/Illuminate/Pipeline/Pipeline.php(209): Illuminate/Cookie/Middleware/EncryptCookies->handle()
#34 C:/Users/user/Desktop/BODALOAN2/BODALOAN/vendor/laravel/framework/src/Illuminate/Pipeline/Pipeline.php(127): Illuminate/Pipeline/Pipeline->{closure:{closure:Illuminate/Pipeline/Pipeline::carry():184}:185}()
#35 C:/Users/user/Desktop/BODALOAN2/BODALOAN/vendor/laravel/framework/src/Illuminate/Routing/Router.php(807): Illuminate/Pipeline/Pipeline->then()
#36 C:/Users/user/Desktop/BODALOAN2/BODALOAN/vendor/laravel/framework/src/Illuminate/Routing/Router.php(786): Illuminate/Routing/Router->runRouteWithinStack()
#37 C:/Users/user/Desktop/BODALOAN2/BODALOAN/vendor/laravel/framework/src/Illuminate/Routing/Router.php(750): Illuminate/Routing/Router->runRoute()
#38 C:/Users/user/Desktop/BODALOAN2/BODALOAN/vendor/laravel/framework/src/Illuminate/Routing/Router.php(739): Illuminate/Routing/Router->dispatchToRoute()
#39 C:/Users/user/Desktop/BODALOAN2/BODALOAN/vendor/laravel/framework/src/Illuminate/Foundation/Http/Kernel.php(201): Illuminate/Routing/Router->dispatch()
#40 C:/Users/user/Desktop/BODALOAN2/BODALOAN/vendor/laravel/framework/src/Illuminate/Pipeline/Pipeline.php(170): Illuminate/Foundation/Http/Kernel->{closure:Illuminate/Foundation/Http/Kernel::dispatchToRouter():198}()
#41 C:/Users/user/Desktop/BODALOAN2/BODALOAN/vendor/laravel/framework/src/Illuminate/Foundation/Http/Middleware/TransformsRequest.php(21): Illuminate/Pipeline/Pipeline->{closure:Illuminate/Pipeline/Pipeline::prepareDestination():168}()
#42 C:/Users/user/Desktop/BODALOAN2/BODALOAN/vendor/laravel/framework/src/Illuminate/Foundation/Http/Middleware/ConvertEmptyStringsToNull.php(31): Illuminate/Foundation/Http/Middleware/TransformsRequest->handle()
#43 C:/Users/user/Desktop/BODALOAN2/BODALOAN/vendor/laravel/framework/src/Illuminate/Pipeline/Pipeline.php(209): Illuminate/Foundation/Http/Middleware/ConvertEmptyStringsToNull->handle()
#44 C:/Users/user/Desktop/BODALOAN2/BODALOAN/vendor/laravel/framework/src/Illuminate/Foundation/Http/Middleware/TransformsRequest.php(21): Illuminate/Pipeline/Pipeline->{closure:{closure:Illuminate/Pipeline/Pipeline::carry():184}:185}()
#45 C:/Users/user/Desktop/BODALOAN2/BODALOAN/vendor/laravel/framework/src/Illuminate/Foundation/Http/Middleware/TrimStrings.php(51): Illuminate/Foundation/Http/Middleware/TransformsRequest->handle()
#46 C:/Users/user/Desktop/BODALOAN2/BODALOAN/vendor/laravel/framework/src/Illuminate/Pipeline/Pipeline.php(209): Illuminate/Foundation/Http/Middleware/TrimStrings->handle()
#47 C:/Users/user/Desktop/BODALOAN2/BODALOAN/vendor/laravel/framework/src/Illuminate/Http/Middleware/ValidatePostSize.php(27): Illuminate/Pipeline/Pipeline->{closure:{closure:Illuminate/Pipeline/Pipeline::carry():184}:185}()
#48 C:/Users/user/Desktop/BODALOAN2/BODALOAN/vendor/laravel/framework/src/Illuminate/Pipeline/Pipeline.php(209): Illuminate/Http/Middleware/ValidatePostSize->handle()
#49 C:/Users/user/Desktop/BODALOAN2/BODALOAN/vendor/laravel/framework/src/Illuminate/Foundation/Http/Middleware/PreventRequestsDuringMaintenance.php(110): Illuminate/Pipeline/Pipeline->{closure:{closure:Illuminate/Pipeline/Pipeline::carry():184}:185}()
#50 C:/Users/user/Desktop/BODALOAN2/BODALOAN/vendor/laravel/framework/src/Illuminate/Pipeline/Pipeline.php(209): Illuminate/Foundation/Http/Middleware/PreventRequestsDuringMaintenance->handle()
#51 C:/Users/user/Desktop/BODALOAN2/BODALOAN/vendor/laravel/framework/src/Illuminate/Http/Middleware/HandleCors.php(49): Illuminate/Pipeline/Pipeline->{closure:{closure:Illuminate/Pipeline/Pipeline::carry():184}:185}()
#52 C:/Users/user/Desktop/BODALOAN2/BODALOAN/vendor/laravel/framework/src/Illuminate/Pipeline/Pipeline.php(209): Illuminate/Http/Middleware/HandleCors->handle()
#53 C:/Users/user/Desktop/BODALOAN2/BODALOAN/vendor/laravel/framework/src/Illuminate/Http/Middleware/TrustProxies.php(58): Illuminate/Pipeline/Pipeline->{closure:{closure:Illuminate/Pipeline/Pipeline::carry():184}:185}()
#54 C:/Users/user/Desktop/BODALOAN2/BODALOAN/vendor/laravel/framework/src/Illuminate/Pipeline/Pipeline.php(209): Illuminate/Http/Middleware/TrustProxies->handle()
#55 C:/Users/user/Desktop/BODALOAN2/BODALOAN/vendor/laravel/framework/src/Illuminate/Foundation/Http/Middleware/InvokeDeferredCallbacks.php(22): Illuminate/Pipeline/Pipeline->{closure:{closure:Illuminate/Pipeline/Pipeline::carry():184}:185}()
#56 C:/Users/user/Desktop/BODALOAN2/BODALOAN/vendor/laravel/framework/src/Illuminate/Pipeline/Pipeline.php(209): Illuminate/Foundation/Http/Middleware/InvokeDeferredCallbacks->handle()
#57 C:/Users/user/Desktop/BODALOAN2/BODALOAN/vendor/laravel/framework/src/Illuminate/Pipeline/Pipeline.php(127): Illuminate/Pipeline/Pipeline->{closure:{closure:Illuminate/Pipeline/Pipeline::carry():184}:185}()
#58 C:/Users/user/Desktop/BODALOAN2/BODALOAN/vendor/laravel/framework/src/Illuminate/Foundation/Http/Kernel.php(176): Illuminate/Pipeline/Pipeline->then()
#59 C:/Users/user/Desktop/BODALOAN2/BODALOAN/vendor/laravel/framework/src/Illuminate/Foundation/Http/Kernel.php(145): Illuminate/Foundation/Http/Kernel->sendRequestThroughRouter()
#60 C:/Users/user/Desktop/BODALOAN2/BODALOAN/vendor/laravel/framework/src/Illuminate/Foundation/Application.php(1220): Illuminate/Foundation/Http/Kernel->handle()
#61 C:/Users/user/Desktop/BODALOAN2/BODALOAN/public/index.php(17): Illuminate/Foundation/Application->handleRequest()
#62 C:/Users/user/Desktop/BODALOAN2/BODALOAN/vendor/laravel/framework/src/Illuminate/Foundation/resources/server.php(23): require_once('...')
#63 {main}
"} 
[2026-08-10 16:08:36] local.ERROR: View path not found. {"exception":"[object] (RuntimeException(code: 0): View path not found. at C:/Users/user/Desktop/BODALOAN2/BODALOAN/vendor/laravel/framework/src/Illuminate/Foundation/Console/ViewClearCommand.php:59)
[stacktrace]
#0 C:/Users/user/Desktop/BODALOAN2/BODALOAN/vendor/laravel/framework/src/Illuminate/Container/BoundMethod.php(36): Illuminate/Foundation/Console/ViewClearCommand->handle()
#1 C:/Users/user/Desktop/BODALOAN2/BODALOAN/vendor/laravel/framework/src/Illuminate/Container/Util.php(43): Illuminate/Container/BoundMethod::{closure:Illuminate/Container/BoundMethod::call():35}()
#2 C:/Users/user/Desktop/BODALOAN2/BODALOAN/vendor/laravel/framework/src/Illuminate/Container/BoundMethod.php(95): Illuminate/Container/Util::unwrapIfClosure()
#3 C:/Users/user/Desktop/BODALOAN2/BODALOAN/vendor/laravel/framework/src/Illuminate/Container/BoundMethod.php(35): Illuminate/Container/BoundMethod::callBoundMethod()
#4 C:/Users/user/Desktop/BODALOAN2/BODALOAN/vendor/laravel/framework/src/Illuminate/Container/Container.php(696): Illuminate/Container/BoundMethod::call()
#5 C:/Users/user/Desktop/BODALOAN2/BODALOAN/vendor/laravel/framework/src/Illuminate/Console/Command.php(213): Illuminate/Container/Container->call()
#6 C:/Users/user/Desktop/BODALOAN2/BODALOAN/vendor/symfony/console/Command/Command.php(341): Illuminate/Console/Command->execute()
#7 C:/Users/user/Desktop/BODALOAN2/BODALOAN/vendor/laravel/framework/src/Illuminate/Console/Command.php(182): Symfony/Component/Console/Command/Command->run()
#8 C:/Users/user/Desktop/BODALOAN2/BODALOAN/vendor/symfony/console/Application.php(1117): Illuminate/Console/Command->run()
#9 C:/Users/user/Desktop/BODALOAN2/BODALOAN/vendor/symfony/console/Application.php(356): Symfony/Component/Console/Application->doRunCommand()
#10 C:/Users/user/Desktop/BODALOAN2/BODALOAN/vendor/symfony/console/Application.php(195): Symfony/Component/Console/Application->doRun()
#11 C:/Users/user/Desktop/BODALOAN2/BODALOAN/vendor/laravel/framework/src/Illuminate/Foundation/Console/Kernel.php(198): Symfony/Component/Console/Application->run()
#12 C:/Users/user/Desktop/BODALOAN2/BODALOAN/vendor/laravel/framework/src/Illuminate/Foundation/Application.php(1235): Illuminate/Foundation/Console/Kernel->handle()
#13 C:/Users/user/Desktop/BODALOAN2/BODALOAN/artisan(13): Illuminate/Foundation/Application->handleCommand()
#14 {main}
"} 
